// Jest Snapshot v1, https://goo.gl/fbAQLP

exports[`Testing Personal Records Screen Should render 1`] = `
<View
  style={
    Object {
      "flex": 1,
      "padding": 16,
    }
  }
>
  <Text
    style={
      Object {
        "fontFamily": "lato-regular",
        "fontSize": 18,
        "marginBottom": 16,
      }
    }
  >
    This is going on your profile! Choose what you want to show
  </Text>
  <RCTScrollView
    ItemSeparatorComponent={[Function]}
    data={null}
    disableVirtualization={false}
    getItem={[Function]}
    getItemCount={[Function]}
    horizontal={false}
    initialNumToRender={10}
    keyExtractor={[Function]}
    maxToRenderPerBatch={10}
    onContentSizeChange={[Function]}
    onEndReachedThreshold={2}
    onLayout={[Function]}
    onMomentumScrollEnd={[Function]}
    onScroll={[Function]}
    onScrollBeginDrag={[Function]}
    onScrollEndDrag={[Function]}
    removeClippedSubviews={false}
    renderItem={[Function]}
    scrollEventThrottle={50}
    stickyHeaderIndices={Array []}
    updateCellsBatchingPeriod={50}
    viewabilityConfigCallbackPairs={Array []}
    windowSize={21}
  >
    <View />
  </RCTScrollView>
</View>
`;
