// Jest Snapshot v1, https://goo.gl/fbAQLP

exports[`Testing table cell Should render 1`] = `
<View
  style={
    Array [
      Object {
        "backgroundColor": "rgb(231, 231, 231)",
        "borderTopLeftRadius": 4,
        "borderTopRightRadius": 4,
      },
      Object {
        "backgroundColor": "#ffffff",
        "borderRadius": 0,
        "flex": 1,
      },
    ]
  }
>
  <View
    style={
      Object {
        "backgroundColor": "rgba(0, 0, 0, 0.26)",
        "bottom": 0,
        "height": 2,
        "left": 0,
        "position": "absolute",
        "right": 0,
        "transform": Array [
          Object {
            "scaleY": 0.5,
          },
        ],
      }
    }
  />
  <View
    style={
      Array [
        Object {
          "paddingBottom": 0,
          "paddingTop": 0,
        },
        Object {
          "minHeight": 48,
        },
      ]
    }
  >
    <TextInput
      allowFontScaling={true}
      editable={true}
      keyboardType="phone-pad"
      multiline={false}
      onBlur={[Function]}
      onChangeText={[Function]}
      onFocus={[Function]}
      placeholder="0"
      placeholderTextColor="rgba(0, 0, 0, 0.54)"
      rejectResponderTermination={true}
      selectionColor="#6200ee"
      style={
        Array [
          Object {
            "flexGrow": 1,
            "margin": 0,
            "zIndex": 1,
          },
          Object {
            "paddingLeft": 12,
            "paddingRight": 12,
          },
          Object {
            "height": 48,
          },
          Object {
            "paddingBottom": 0,
            "paddingTop": 0,
          },
          Object {
            "color": "#000000",
            "fontFamily": "System",
            "fontSize": 16,
            "fontWeight": undefined,
            "textAlign": "center",
            "textAlignVertical": "center",
          },
          false,
          Array [
            Object {},
          ],
        ]
      }
      underlineColorAndroid="transparent"
      value="10"
    />
  </View>
</View>
`;
